// Jest Snapshot v1, https://goo.gl/fbAQLP

exports[`dummy component for test page Matches the snapshot 1`] = `
<button>
  dummy button
</button>
`;
